/my_region/apkcerts.txt 25
/my_region/app/Browser/Browser.apk 28-468 0 469-5340 0 5341-7298 0 7299-8749 0 8750 8752-8792 8792-8810 8792 8811 8792 8812-8819 8792 8820 8792 8821-8869 8792 8792 8870-8872 8792 8873-8878 8792 8879 8792 8792 8880-8885 8792 8886-8891 8792 8792 8892-8896 8792 8792 8897-8902 8792 8903-8909 8792 8910-8930 8792 8931-8934 8792 8935 8792 8936 8792 8937-8940 8792 8941 8792 8792 8942 8792 8943 8792 8944-8945 8792 8946-8952 8792 8953-8954 8792 8792 8955-8959 8792 8792 8960 0 8961-9286 8792 9287 8792 9288-9297 8792 9298-9307 8792 9308 8792 9309 8792 9310-14584
/my_region/app/CloudService/CloudService.apk 14586-16476 16420 16477-18514
/my_region/app/FinShellPay/FinShellPay.apk 14586-14590 18516-18989 8792 18990-20794 18434 20796-20864
/my_region/app/FinShellPay/lib/arm/libkeys.so 20867-20870
/my_region/app/FinShellPay/lib/arm/liblogan.so 20871-20882
/my_region/app/FinShellPay/lib/arm/libmmkv.so 20883-20934
/my_region/app/FinShellPay/lib/arm/libocstool.so 20935-20940
/my_region/app/FinShellPay/lib/arm/libomas-wbkit.so 20941-20958
/my_region/app/FinShellPay/lib/arm/libwb_tables.so 20959-21013
/my_region/app/KeKePay/KeKePay.apk 14586-14590 21015-21531 0 21532-23239 18434 23240 23242-23313
/my_region/app/KeKePay/lib/arm/libjni-StatisticsLibSo.so 23316-23338
/my_region/app/KeKePay/lib/arm/liblogan.so 23339-23350
/my_region/app/KeKePay/lib/arm/libmarsxlog.so 23351-23375
/my_region/app/KeKePay/lib/arm/libocstool.so 23376-23381
/my_region/app/KeKePay/lib/arm/libstlport_shared.so 23382-23492
/my_region/app/OcrScanner/OcrScanner.apk 23494-23601 6049 6049 23602-24934 24934 24934 24934 24936-26451 0 0 0 0 26452 0 26453-26455 0 0 26456-26579 6049 6049 26580-28602 28595 28603-28606 28600 28607-28680 28680 28680-28689 28689 28689 28689-28690 28680 28680 28691-28699 0 0 0 0 28700-28716 0 0 0 0 0 0 0 0 0 0 0 0 0 0 0 28717-29001 29001 29001-29868 0 29869-31860
/my_region/app/OcrService/OcrService.apk 31862-32767 32788-34537 6049 6049 6049 6049 6049 34539-36725 0 0 36726 0 0 0 36727-36730 0 0 36731-36740 36740 36740 36740 36740 36740-37438 37438 37438 37438 37438-38383 0 38384-38390 0 38391 0 0 0 0 0 0 0 0 0 38392-38849 0 0 0 0 0 0 0 0 38850-50169
/my_region/app/OppoTranslationService/OppoTranslationService.apk 50171-50750 6049 6049 6049 50751 50753-51690 51690 51690 51690 51690 51690-52110 0 52111-55423
/my_region/app/PhoneManager/PhoneManager.apk 55425-59976 8792 59977-62052
/my_region/app/SoftsimRedteaRoaming/SoftsimRedteaRoaming.apk 62056-62699 0 62700-65535 65554-70999
/my_region/applist/applist.txt 71001
/my_region/build.prop 71002
/my_region/del-app/DocVault/DocVault.apk 71005-72764
/my_region/del-app/HeyFun/HeyFun.apk 72766-74843 0 74844-74900 8792 74901-74903 8792 74905-74906 8792 74907 8792 74908-74910 8792 74911 8792 74912-74913 8792 74914-74920 8792 74921-74926 8792 74927 8792 74928-74935 8792 74936 8792 74937 8792 74938-74945 8792 74946 8792 74947 8792 74948 8792 74949 8792 74950-74953 8792 74954 8792 74955 8792 74956 8792 74957 8792 74958-74961 8792 74962-74984 8792 74985-74988 8792 74989-74994 8792 74995-74999 8792 75000-75049 8792 75050-75508 8792 75509 8792 75510-75512 8792 75513-75539 8792 75540-80843
/my_region/del-app/RMCommEXP/RMCommEXP.apk 80845-83116 8792 83117-83124 8792 83125 8792 83127 8792 83128 8792 83129-83132 8792 83133-83135 8792 83136 8792 83137-83432
/my_region/del-app/RMCommEXP/lib/arm/libgpuimage-library.so 83435-83438
/my_region/del-app/RMCommEXP/lib/arm/libobjectbox.so 83439-83634
/my_region/del-app/RMCommEXP/lib/arm/libweibosdkcore.so 83635-83640
/my_region/del-app/RMStoreEXP_region/RMStoreExp.apk 83642-86464 0 86465-86484 0 86485-86496 8792 86497 86499-86503 8792 86504 8792 8792 86505-86507 8792 86508 8792 86509 8792 86510-86513 8792 86514 8792 86515-86518 8792 86519 8792 86520-86523 8792 86524 8792 86525-86881
/my_region/etc/NOTICE.xml.gz 86883-86884
/my_region/etc/engineermode/flipkartAddress.txt 86886
/my_region/etc/extension/appfeature.region_exp.android_coreservices.xml 86888
/my_region/etc/extension/appfeature.region_in.android_coreservices.xml 86889
/my_region/etc/extension/feature_com.android.contacts.xml 86890
/my_region/etc/extension/feature_com.android.phone.xml 86891
/my_region/etc/extension/feature_com.android.systemui.xml 86892
/my_region/etc/extension/feature_com.coloros.gamespaceui.xml 86893
/my_region/etc/extension/feature_com.coloros.logkit.xml 86894
/my_region/etc/extension/feature_com.coloros.oppoguardelf.xml 86895
/my_region/etc/extension/feature_com.coloros.securitypermission.xml 86896
/my_region/etc/extension/feature_com.oplus.assistantscreen.xml 86897
/my_region/etc/extension/feature_com.oplus.bootreg.xml 86898
/my_region/etc/extension/feature_com.oplus.calculator.xml 86899
/my_region/etc/extension/feature_com.oplus.compass.xml 86900
/my_region/etc/extension/feature_com.oplus.floatassistant.xml 86901
/my_region/etc/extension/feature_com.oplus.lockassistant.xml 86902
/my_region/etc/extension/feature_com.oplus.sos.xml 86903
/my_region/etc/extension/feature_com.oplus.tzupdate.xml 86904
/my_region/etc/extension/feature_com.oplus.wirelesssettings.xml 86905
/my_region/etc/extension/feature_com.oppo.launcher.xml 86906
/my_region/etc/extension/feature_com.os.docvault.xml 86907
/my_region/etc/extension/feature_com.redteamobile.roaming.xml 86908
/my_region/etc/extension/feature_eap.xml 86909
/my_region/etc/extension/feature_ota.xml 86910
/my_region/etc/extension/feature_realme_region_IN_com.coloros.bootreg.xml 86911
/my_region/etc/extension/feature_realme_region_IN_com.coloros.filemanager.xml 86912
/my_region/etc/extension/feature_realme_region_IN_com.coloros.providers.downloads.ui.xml 86913
/my_region/etc/extension/feature_realme_region_IN_com.coloros.video.xml 86914
/my_region/etc/extension/feature_realme_region_IN_com.heytap.music.xml 86915
/my_region/etc/extension/feature_realme_region_IN_com.oplus.lockassistant.xml 86916
/my_region/etc/extension/feature_realme_region_IN_com.oplus.phonemanager.xml 86917
/my_region/etc/extension/feature_realme_region_IN_com.oplus.weather.xml 86918
/my_region/etc/extension/feature_realme_region_IN_com.oppo.launcher.xml 86919
/my_region/etc/extension/feature_realme_region_IN_com.realme.securitycheck.xml 86920
/my_region/etc/extension/feature_region_diff_com.android.settings.xml 86921
/my_region/etc/extension/feature_region_export_com.android.settings.xml 86922
/my_region/etc/extension/feature_region_in_com.android.settings.xml 86923
/my_region/etc/extension/feature_uxdesign.xml 86924
/my_region/etc/extension/saufeature.region_in.android_coreservices.xml 86925
/my_region/etc/permissions/com.oplus.software.power.features_config.xml 86927
/my_region/etc/permissions/my_country_pu_privapp_permissions.xml 86928
/my_region/etc/permissions/oplus.feature.android.xml 86929
/my_region/etc/permissions/oplus.feature.region_exp.android_coreservices.xml 86930
/my_region/etc/permissions/oplus.features.network.common.xml 86931
/my_region/etc/permissions/oplus.features.network.xml 86932
/my_region/etc/permissions/oplus_feature_uxdesign.xml 86933
/my_region/etc/sysconfig/my_country_pu_sysconfig.xml 86935
/my_region/media/theme/.nomedia 86938
/my_region/media/theme/allApps.xml 86939-86950
/my_region/media/theme/themeInfo.xml 86951
/my_region/media/theme/uxicons/xhdpi/com.airbnb.android/art_off.png 86955-86958
/my_region/media/theme/uxicons/xhdpi/com.airbnb.android/mat.png 86959-86962
/my_region/media/theme/uxicons/xhdpi/com.airbnb.android/recbg.png 86963
/my_region/media/theme/uxicons/xhdpi/com.airbnb.android/recfg.png 86964-86966
/my_region/media/theme/uxicons/xhdpi/com.android.bluetooth/share_blue.png 86968
/my_region/media/theme/uxicons/xhdpi/com.android.contacts/dialer_mat.png 86970
/my_region/media/theme/uxicons/xhdpi/com.android.contacts/dialer_peb.png 86971
/my_region/media/theme/uxicons/xhdpi/com.android.contacts/dialer_recbg.png 86972
/my_region/media/theme/uxicons/xhdpi/com.android.contacts/dialer_recfg.png 86973
/my_region/media/theme/uxicons/xhdpi/com.android.contacts/mat.png 86974
/my_region/media/theme/uxicons/xhdpi/com.android.contacts/peb.png 86975
/my_region/media/theme/uxicons/xhdpi/com.android.contacts/recbg.png 86976
/my_region/media/theme/uxicons/xhdpi/com.android.contacts/recfg.png 86977
/my_region/media/theme/uxicons/xhdpi/com.android.email/mat.png 86979
/my_region/media/theme/uxicons/xhdpi/com.android.email/peb.png 86980
/my_region/media/theme/uxicons/xhdpi/com.android.email/recbg.png 86981-86984
/my_region/media/theme/uxicons/xhdpi/com.android.email/recfg.png 86985 86982-86983 86986
/my_region/media/theme/uxicons/xhdpi/com.android.fmradio/mat.png 86988
/my_region/media/theme/uxicons/xhdpi/com.android.fmradio/peb.png 86989
/my_region/media/theme/uxicons/xhdpi/com.android.fmradio/recbg.png 86990
/my_region/media/theme/uxicons/xhdpi/com.android.fmradio/recfg.png 86991
/my_region/media/theme/uxicons/xhdpi/com.android.mms/mat.png 86993
/my_region/media/theme/uxicons/xhdpi/com.android.mms/peb.png 86994
/my_region/media/theme/uxicons/xhdpi/com.android.mms/recbg.png 86995
/my_region/media/theme/uxicons/xhdpi/com.android.mms/recfg.png 86996
/my_region/media/theme/uxicons/xhdpi/com.android.settings/mat.png 86998
/my_region/media/theme/uxicons/xhdpi/com.android.settings/peb.png 86999
/my_region/media/theme/uxicons/xhdpi/com.android.settings/recbg.png 87000
/my_region/media/theme/uxicons/xhdpi/com.android.settings/recfg.png 87001-87002
/my_region/media/theme/uxicons/xhdpi/com.android.stk/mat.png 87004
/my_region/media/theme/uxicons/xhdpi/com.android.stk/peb.png 87005
/my_region/media/theme/uxicons/xhdpi/com.android.stk/recbg.png 87006 86982-86983 87007
/my_region/media/theme/uxicons/xhdpi/com.android.stk/recfg.png 87008 86982-86983 87009
/my_region/media/theme/uxicons/xhdpi/com.caf.fmradio/mat.png 86988
/my_region/media/theme/uxicons/xhdpi/com.caf.fmradio/peb.png 87011
/my_region/media/theme/uxicons/xhdpi/com.caf.fmradio/recbg.png 87012
/my_region/media/theme/uxicons/xhdpi/com.caf.fmradio/recfg.png 87013
/my_region/media/theme/uxicons/xhdpi/com.coloros.alarmclock/mat.png 87015
/my_region/media/theme/uxicons/xhdpi/com.coloros.alarmclock/peb.png 87016
/my_region/media/theme/uxicons/xhdpi/com.coloros.alarmclock/recbg.png 87017 86982-86983 87018
/my_region/media/theme/uxicons/xhdpi/com.coloros.alarmclock/recfg.png 87019-87022
/my_region/media/theme/uxicons/xhdpi/com.coloros.aruler/mat.png 87024
/my_region/media/theme/uxicons/xhdpi/com.coloros.aruler/peb.png 87025
/my_region/media/theme/uxicons/xhdpi/com.coloros.aruler/recbg.png 87026
/my_region/media/theme/uxicons/xhdpi/com.coloros.aruler/recfg.png 87027
/my_region/media/theme/uxicons/xhdpi/com.coloros.backuprestore/mat.png 87029
/my_region/media/theme/uxicons/xhdpi/com.coloros.backuprestore/peb.png 87030
/my_region/media/theme/uxicons/xhdpi/com.coloros.backuprestore/recbg.png 87031
/my_region/media/theme/uxicons/xhdpi/com.coloros.backuprestore/recfg.png 87032
/my_region/media/theme/uxicons/xhdpi/com.coloros.bbs/mat.png 87034
/my_region/media/theme/uxicons/xhdpi/com.coloros.bbs/peb.png 87035
/my_region/media/theme/uxicons/xhdpi/com.coloros.bbs/recbg.png 87036-87037
/my_region/media/theme/uxicons/xhdpi/com.coloros.bbs/recfg.png 87038
/my_region/media/theme/uxicons/xhdpi/com.coloros.calculator/mat.png 87040
/my_region/media/theme/uxicons/xhdpi/com.coloros.calculator/peb.png 87041
/my_region/media/theme/uxicons/xhdpi/com.coloros.calculator/recbg.png 87042
/my_region/media/theme/uxicons/xhdpi/com.coloros.calculator/recfg.png 87043-87044
/my_region/media/theme/uxicons/xhdpi/com.coloros.calendar/mat.png 87046
/my_region/media/theme/uxicons/xhdpi/com.coloros.calendar/peb.png 87047
/my_region/media/theme/uxicons/xhdpi/com.coloros.calendar/recbg.png 87048
/my_region/media/theme/uxicons/xhdpi/com.coloros.calendar/recfg.png 87049-87050
/my_region/media/theme/uxicons/xhdpi/com.coloros.compass2/mat.png 87052
/my_region/media/theme/uxicons/xhdpi/com.coloros.compass2/peb.png 87053
/my_region/media/theme/uxicons/xhdpi/com.coloros.compass2/recbg.png 87054
/my_region/media/theme/uxicons/xhdpi/com.coloros.compass2/recfg.png 87055
/my_region/media/theme/uxicons/xhdpi/com.coloros.encryptiont/mat.png 87057
/my_region/media/theme/uxicons/xhdpi/com.coloros.encryptiont/peb.png 87058
/my_region/media/theme/uxicons/xhdpi/com.coloros.encryptiont/recbg.png 87059
/my_region/media/theme/uxicons/xhdpi/com.coloros.encryptiont/recfg.png 87060
/my_region/media/theme/uxicons/xhdpi/com.coloros.familyguard/mat.png 87062
/my_region/media/theme/uxicons/xhdpi/com.coloros.familyguard/peb.png 87063
/my_region/media/theme/uxicons/xhdpi/com.coloros.familyguard/recbg.png 87064-87065
/my_region/media/theme/uxicons/xhdpi/com.coloros.familyguard/recfg.png 87066
/my_region/media/theme/uxicons/xhdpi/com.coloros.filemanager/mat.png 87068
/my_region/media/theme/uxicons/xhdpi/com.coloros.filemanager/peb.png 87069
/my_region/media/theme/uxicons/xhdpi/com.coloros.filemanager/recbg.png 87070
/my_region/media/theme/uxicons/xhdpi/com.coloros.filemanager/recfg.png 87071
/my_region/media/theme/uxicons/xhdpi/com.coloros.findmyphone/mat.png 87073-87074
/my_region/media/theme/uxicons/xhdpi/com.coloros.findmyphone/peb.png 87075
/my_region/media/theme/uxicons/xhdpi/com.coloros.findmyphone/recbg.png 87076 86982-86983 87077-87078
/my_region/media/theme/uxicons/xhdpi/com.coloros.findmyphone/recfg.png 87079 86982-86983 87080-87081
/my_region/media/theme/uxicons/xhdpi/com.coloros.findphone.client2/mat.png 87073-87074
/my_region/media/theme/uxicons/xhdpi/com.coloros.findphone.client2/peb.png 87075
/my_region/media/theme/uxicons/xhdpi/com.coloros.findphone.client2/recbg.png 87083 86982-86983 87084 87078
/my_region/media/theme/uxicons/xhdpi/com.coloros.findphone.client2/recfg.png 87085 86982-86983 87086 87081
/my_region/media/theme/uxicons/xhdpi/com.coloros.gallery3d/mat.png 87088
/my_region/media/theme/uxicons/xhdpi/com.coloros.gallery3d/peb.png 87089
/my_region/media/theme/uxicons/xhdpi/com.coloros.gallery3d/recbg.png 87090
/my_region/media/theme/uxicons/xhdpi/com.coloros.gallery3d/recfg.png 87091
/my_region/media/theme/uxicons/xhdpi/com.coloros.gamespaceui/mat.png 87093
/my_region/media/theme/uxicons/xhdpi/com.coloros.gamespaceui/peb.png 87094
/my_region/media/theme/uxicons/xhdpi/com.coloros.gamespaceui/recbg.png 87095
/my_region/media/theme/uxicons/xhdpi/com.coloros.gamespaceui/recfg.png 87096-87097
/my_region/media/theme/uxicons/xhdpi/com.coloros.musiclink/mat.png 87099
/my_region/media/theme/uxicons/xhdpi/com.coloros.musiclink/peb.png 87100
/my_region/media/theme/uxicons/xhdpi/com.coloros.musiclink/recbg.png 87101
/my_region/media/theme/uxicons/xhdpi/com.coloros.musiclink/recfg.png 87102
/my_region/media/theme/uxicons/xhdpi/com.coloros.note/mat.png 87104
/my_region/media/theme/uxicons/xhdpi/com.coloros.note/peb.png 87105
/my_region/media/theme/uxicons/xhdpi/com.coloros.note/recbg.png 87106 86982-86983 87107
/my_region/media/theme/uxicons/xhdpi/com.coloros.note/recfg.png 87108 87020-87021 87109
/my_region/media/theme/uxicons/xhdpi/com.coloros.onekeylockscreen/mat.png 87111
/my_region/media/theme/uxicons/xhdpi/com.coloros.onekeylockscreen/peb.png 87112
/my_region/media/theme/uxicons/xhdpi/com.coloros.onekeylockscreen/recbg.png 87113
/my_region/media/theme/uxicons/xhdpi/com.coloros.onekeylockscreen/recfg.png 87114
/my_region/media/theme/uxicons/xhdpi/com.coloros.operationtips/mat.png 87116
/my_region/media/theme/uxicons/xhdpi/com.coloros.operationtips/peb.png 87117
/my_region/media/theme/uxicons/xhdpi/com.coloros.operationtips/recbg.png 87101
/my_region/media/theme/uxicons/xhdpi/com.coloros.operationtips/recfg.png 87118
/my_region/media/theme/uxicons/xhdpi/com.coloros.phonemanager/mat.png 87120
/my_region/media/theme/uxicons/xhdpi/com.coloros.phonemanager/peb.png 87121
/my_region/media/theme/uxicons/xhdpi/com.coloros.phonemanager/recbg.png 87122
/my_region/media/theme/uxicons/xhdpi/com.coloros.phonemanager/recfg.png 87123-87124
/my_region/media/theme/uxicons/xhdpi/com.coloros.shortcuts/mat.png 87126-87127
/my_region/media/theme/uxicons/xhdpi/com.coloros.shortcuts/peb.png 87128
/my_region/media/theme/uxicons/xhdpi/com.coloros.shortcuts/recbg.png 87129
/my_region/media/theme/uxicons/xhdpi/com.coloros.shortcuts/recfg.png 87130-87131
/my_region/media/theme/uxicons/xhdpi/com.coloros.soundrecorder/mat.png 87133
/my_region/media/theme/uxicons/xhdpi/com.coloros.soundrecorder/peb.png 87134
/my_region/media/theme/uxicons/xhdpi/com.coloros.soundrecorder/recbg.png 87135-87136
/my_region/media/theme/uxicons/xhdpi/com.coloros.soundrecorder/recfg.png 87137
/my_region/media/theme/uxicons/xhdpi/com.coloros.video/mat.png 87139
/my_region/media/theme/uxicons/xhdpi/com.coloros.video/peb.png 87140
/my_region/media/theme/uxicons/xhdpi/com.coloros.video/recbg.png 87141
/my_region/media/theme/uxicons/xhdpi/com.coloros.video/recfg.png 87142
/my_region/media/theme/uxicons/xhdpi/com.coloros.weather2/mat.png 87144
/my_region/media/theme/uxicons/xhdpi/com.coloros.weather2/peb.png 87145
/my_region/media/theme/uxicons/xhdpi/com.coloros.weather2/recbg.png 87146
/my_region/media/theme/uxicons/xhdpi/com.coloros.weather2/recfg.png 87147
/my_region/media/theme/uxicons/xhdpi/com.ebay.mobile/art_off.png 87149-87151
/my_region/media/theme/uxicons/xhdpi/com.ebay.mobile/mat.png 87152-87154
/my_region/media/theme/uxicons/xhdpi/com.ebay.mobile/recbg.png 86963
/my_region/media/theme/uxicons/xhdpi/com.ebay.mobile/recfg.png 87155-87156
/my_region/media/theme/uxicons/xhdpi/com.facebook.katana/art_off.png 87158-87159
/my_region/media/theme/uxicons/xhdpi/com.facebook.katana/mat.png 87160
/my_region/media/theme/uxicons/xhdpi/com.facebook.katana/recbg.png 87161
/my_region/media/theme/uxicons/xhdpi/com.facebook.katana/recfg.png 87162
/my_region/media/theme/uxicons/xhdpi/com.finshell.wallet/mat.png 87164
/my_region/media/theme/uxicons/xhdpi/com.finshell.wallet/peb.png 87165
/my_region/media/theme/uxicons/xhdpi/com.finshell.wallet/recbg.png 87166
/my_region/media/theme/uxicons/xhdpi/com.finshell.wallet/recfg.png 87167
/my_region/media/theme/uxicons/xhdpi/com.heytap.book/mat.png 87169
/my_region/media/theme/uxicons/xhdpi/com.heytap.book/peb.png 87170
/my_region/media/theme/uxicons/xhdpi/com.heytap.book/recbg.png 87171
/my_region/media/theme/uxicons/xhdpi/com.heytap.book/recfg.png 87172
/my_region/media/theme/uxicons/xhdpi/com.heytap.browser/mat.png 87174-87175
/my_region/media/theme/uxicons/xhdpi/com.heytap.browser/peb.png 87176-87177
/my_region/media/theme/uxicons/xhdpi/com.heytap.browser/recbg.png 87178
/my_region/media/theme/uxicons/xhdpi/com.heytap.browser/recfg.png 87179
/my_region/media/theme/uxicons/xhdpi/com.heytap.cloud/recbg.png 87181
/my_region/media/theme/uxicons/xhdpi/com.heytap.cloud/recfg.png 87182
/my_region/media/theme/uxicons/xhdpi/com.heytap.market/mat.png 87184
/my_region/media/theme/uxicons/xhdpi/com.heytap.market/peb.png 87185
/my_region/media/theme/uxicons/xhdpi/com.heytap.market/recbg.png 87186-87187
/my_region/media/theme/uxicons/xhdpi/com.heytap.market/recfg.png 87188
/my_region/media/theme/uxicons/xhdpi/com.heytap.music/mat.png 87190
/my_region/media/theme/uxicons/xhdpi/com.heytap.music/peb.png 87191
/my_region/media/theme/uxicons/xhdpi/com.heytap.music/recbg.png 87192-87193
/my_region/media/theme/uxicons/xhdpi/com.heytap.music/recfg.png 87194
/my_region/media/theme/uxicons/xhdpi/com.heytap.reader/mat.png 87196
/my_region/media/theme/uxicons/xhdpi/com.heytap.reader/peb.png 87197
/my_region/media/theme/uxicons/xhdpi/com.heytap.reader/recbg.png 87198
/my_region/media/theme/uxicons/xhdpi/com.heytap.reader/recfg.png 87199
/my_region/media/theme/uxicons/xhdpi/com.heytap.smarthome/mat.png 87201
/my_region/media/theme/uxicons/xhdpi/com.heytap.smarthome/peb.png 87202
/my_region/media/theme/uxicons/xhdpi/com.heytap.smarthome/recbg.png 87203
/my_region/media/theme/uxicons/xhdpi/com.heytap.smarthome/recfg.png 87204-87205
/my_region/media/theme/uxicons/xhdpi/com.heytap.speechassist/mat.png 87207
/my_region/media/theme/uxicons/xhdpi/com.heytap.speechassist/peb.png 87208
/my_region/media/theme/uxicons/xhdpi/com.heytap.speechassist/recbg.png 87209
/my_region/media/theme/uxicons/xhdpi/com.heytap.speechassist/recfg.png 87210-87211
/my_region/media/theme/uxicons/xhdpi/com.heytap.themestore/mat.png 87213-87214
/my_region/media/theme/uxicons/xhdpi/com.heytap.themestore/peb.png 87215
/my_region/media/theme/uxicons/xhdpi/com.heytap.themestore/recbg.png 87216
/my_region/media/theme/uxicons/xhdpi/com.heytap.themestore/recfg.png 87217
/my_region/media/theme/uxicons/xhdpi/com.heytap.usercenter/mat.png 87219
/my_region/media/theme/uxicons/xhdpi/com.heytap.usercenter/peb.png 87220
/my_region/media/theme/uxicons/xhdpi/com.heytap.usercenter/recbg.png 87221
/my_region/media/theme/uxicons/xhdpi/com.heytap.usercenter/recfg.png 87222
/my_region/media/theme/uxicons/xhdpi/com.instagram.android/art_off.png 87224-87227
/my_region/media/theme/uxicons/xhdpi/com.instagram.android/mat.png 87228-87229
/my_region/media/theme/uxicons/xhdpi/com.instagram.android/recbg.png 87230-87231
/my_region/media/theme/uxicons/xhdpi/com.instagram.android/recfg.png 87232
/my_region/media/theme/uxicons/xhdpi/com.microsoft.office.outlook/art_off.png 87234-87238
/my_region/media/theme/uxicons/xhdpi/com.microsoft.office.outlook/mat.png 87239-87240
/my_region/media/theme/uxicons/xhdpi/com.microsoft.office.outlook/recbg.png 87241
/my_region/media/theme/uxicons/xhdpi/com.microsoft.office.outlook/recfg.png 87242-87243
/my_region/media/theme/uxicons/xhdpi/com.nearme.gamecenter/mat.png 87245
/my_region/media/theme/uxicons/xhdpi/com.nearme.gamecenter/peb.png 87246
/my_region/media/theme/uxicons/xhdpi/com.nearme.gamecenter/recbg.png 87247
/my_region/media/theme/uxicons/xhdpi/com.nearme.gamecenter/recfg.png 87248-87249
/my_region/media/theme/uxicons/xhdpi/com.nearme.play/mat.png 87251
/my_region/media/theme/uxicons/xhdpi/com.nearme.play/peb.png 87252
/my_region/media/theme/uxicons/xhdpi/com.nearme.play/recbg.png 87166
/my_region/media/theme/uxicons/xhdpi/com.nearme.play/recfg.png 87253
/my_region/media/theme/uxicons/xhdpi/com.oppo.camera/mat.png 87255
/my_region/media/theme/uxicons/xhdpi/com.oppo.camera/peb.png 87256
/my_region/media/theme/uxicons/xhdpi/com.oppo.camera/recbg.png 87257
/my_region/media/theme/uxicons/xhdpi/com.oppo.camera/recfg.png 87258
/my_region/media/theme/uxicons/xhdpi/com.oppo.community/mat.png 87260
/my_region/media/theme/uxicons/xhdpi/com.oppo.community/peb.png 87261
/my_region/media/theme/uxicons/xhdpi/com.oppo.community/recbg.png 87171
/my_region/media/theme/uxicons/xhdpi/com.oppo.community/recfg.png 87262
/my_region/media/theme/uxicons/xhdpi/com.oppo.store/mat.png 87264
/my_region/media/theme/uxicons/xhdpi/com.oppo.store/peb.png 87265
/my_region/media/theme/uxicons/xhdpi/com.oppo.store/recbg.png 87266
/my_region/media/theme/uxicons/xhdpi/com.oppo.store/recfg.png 87267
/my_region/media/theme/uxicons/xhdpi/com.paypal.android.p2pmobile/art_off.png 87269-87276
/my_region/media/theme/uxicons/xhdpi/com.paypal.android.p2pmobile/mat.png 87277-87278
/my_region/media/theme/uxicons/xhdpi/com.paypal.android.p2pmobile/recbg.png 87279-87287
/my_region/media/theme/uxicons/xhdpi/com.paypal.android.p2pmobile/recfg.png 87288-87289
/my_region/media/theme/uxicons/xhdpi/com.pinterest/art_off.png 87291-87292
/my_region/media/theme/uxicons/xhdpi/com.pinterest/mat.png 87293
/my_region/media/theme/uxicons/xhdpi/com.pinterest/recbg.png 87294
/my_region/media/theme/uxicons/xhdpi/com.pinterest/recfg.png 87295
/my_region/media/theme/uxicons/xhdpi/com.realmecomm.app/recbg.png 87036-87037
/my_region/media/theme/uxicons/xhdpi/com.realmecomm.app/recfg.png 87038
/my_region/media/theme/uxicons/xhdpi/com.redteamobile.roaming/mat.png 87298
/my_region/media/theme/uxicons/xhdpi/com.redteamobile.roaming/peb.png 87299
/my_region/media/theme/uxicons/xhdpi/com.redteamobile.roaming/recbg.png 87300
/my_region/media/theme/uxicons/xhdpi/com.redteamobile.roaming/recfg.png 87301-87302
/my_region/media/theme/uxicons/xhdpi/com.twitter.android/art_off.png 87304
/my_region/media/theme/uxicons/xhdpi/com.twitter.android/mat.png 87305
/my_region/media/theme/uxicons/xhdpi/com.twitter.android/recbg.png 87306
/my_region/media/theme/uxicons/xhdpi/com.twitter.android/recfg.png 87307
/my_region/media/theme/uxicons/xhdpi/icons-meterial 87308-87311
/my_region/media/theme/uxicons/xhdpi/icons-pebble 87312-87316
/my_region/media/theme/uxicons/xhdpi/icons-rectangle 87317-87320
/my_region/media/theme/uxicons/xxhdpi/com.airbnb.android/art_off.png 86955-86958
/my_region/media/theme/uxicons/xxhdpi/com.airbnb.android/mat.png 86959-86962
/my_region/media/theme/uxicons/xxhdpi/com.airbnb.android/recbg.png 86963
/my_region/media/theme/uxicons/xxhdpi/com.airbnb.android/recfg.png 86964-86966
/my_region/media/theme/uxicons/xxhdpi/com.android.bluetooth/share_blue.png 87324
/my_region/media/theme/uxicons/xxhdpi/com.android.contacts/dialer_mat.png 87326
/my_region/media/theme/uxicons/xxhdpi/com.android.contacts/dialer_peb.png 87327-87328
/my_region/media/theme/uxicons/xxhdpi/com.android.contacts/dialer_recbg.png 87329
/my_region/media/theme/uxicons/xxhdpi/com.android.contacts/dialer_recfg.png 87330
/my_region/media/theme/uxicons/xxhdpi/com.android.contacts/mat.png 87331
/my_region/media/theme/uxicons/xxhdpi/com.android.contacts/peb.png 87332
/my_region/media/theme/uxicons/xxhdpi/com.android.contacts/recbg.png 87333
/my_region/media/theme/uxicons/xxhdpi/com.android.contacts/recfg.png 87334
/my_region/media/theme/uxicons/xxhdpi/com.android.email/mat.png 87336
/my_region/media/theme/uxicons/xxhdpi/com.android.email/peb.png 87337
/my_region/media/theme/uxicons/xxhdpi/com.android.email/recbg.png 87338
/my_region/media/theme/uxicons/xxhdpi/com.android.email/recfg.png 87339
/my_region/media/theme/uxicons/xxhdpi/com.android.fmradio/mat.png 87341
/my_region/media/theme/uxicons/xxhdpi/com.android.fmradio/peb.png 87342
/my_region/media/theme/uxicons/xxhdpi/com.android.fmradio/recbg.png 87343
/my_region/media/theme/uxicons/xxhdpi/com.android.fmradio/recfg.png 87344
/my_region/media/theme/uxicons/xxhdpi/com.android.mms/mat.png 87346
/my_region/media/theme/uxicons/xxhdpi/com.android.mms/peb.png 87347
/my_region/media/theme/uxicons/xxhdpi/com.android.mms/recbg.png 87348
/my_region/media/theme/uxicons/xxhdpi/com.android.mms/recfg.png 87349
/my_region/media/theme/uxicons/xxhdpi/com.android.settings/mat.png 87351
/my_region/media/theme/uxicons/xxhdpi/com.android.settings/peb.png 87352
/my_region/media/theme/uxicons/xxhdpi/com.android.settings/recbg.png 87353
/my_region/media/theme/uxicons/xxhdpi/com.android.settings/recfg.png 87354-87355
/my_region/media/theme/uxicons/xxhdpi/com.android.stk/mat.png 87357
/my_region/media/theme/uxicons/xxhdpi/com.android.stk/peb.png 87358
/my_region/media/theme/uxicons/xxhdpi/com.android.stk/recbg.png 87359
/my_region/media/theme/uxicons/xxhdpi/com.android.stk/recfg.png 87360
/my_region/media/theme/uxicons/xxhdpi/com.caf.fmradio/mat.png 87362
/my_region/media/theme/uxicons/xxhdpi/com.caf.fmradio/peb.png 87342
/my_region/media/theme/uxicons/xxhdpi/com.caf.fmradio/recbg.png 87343
/my_region/media/theme/uxicons/xxhdpi/com.caf.fmradio/recfg.png 87363
/my_region/media/theme/uxicons/xxhdpi/com.coloros.alarmclock/mat.png 87365
/my_region/media/theme/uxicons/xxhdpi/com.coloros.alarmclock/peb.png 87366
/my_region/media/theme/uxicons/xxhdpi/com.coloros.alarmclock/recbg.png 87367
/my_region/media/theme/uxicons/xxhdpi/com.coloros.alarmclock/recfg.png 87368
/my_region/media/theme/uxicons/xxhdpi/com.coloros.aruler/mat.png 87370
/my_region/media/theme/uxicons/xxhdpi/com.coloros.aruler/peb.png 87371
/my_region/media/theme/uxicons/xxhdpi/com.coloros.aruler/recbg.png 87372
/my_region/media/theme/uxicons/xxhdpi/com.coloros.aruler/recfg.png 87373
/my_region/media/theme/uxicons/xxhdpi/com.coloros.backuprestore/mat.png 87375
/my_region/media/theme/uxicons/xxhdpi/com.coloros.backuprestore/peb.png 87376
/my_region/media/theme/uxicons/xxhdpi/com.coloros.backuprestore/recbg.png 87377
/my_region/media/theme/uxicons/xxhdpi/com.coloros.backuprestore/recfg.png 87378
/my_region/media/theme/uxicons/xxhdpi/com.coloros.bbs/mat.png 87380
/my_region/media/theme/uxicons/xxhdpi/com.coloros.bbs/peb.png 87381-87382
/my_region/media/theme/uxicons/xxhdpi/com.coloros.bbs/recbg.png 87383
/my_region/media/theme/uxicons/xxhdpi/com.coloros.bbs/recfg.png 87384
/my_region/media/theme/uxicons/xxhdpi/com.coloros.calculator/mat.png 87386
/my_region/media/theme/uxicons/xxhdpi/com.coloros.calculator/peb.png 87387
/my_region/media/theme/uxicons/xxhdpi/com.coloros.calculator/recbg.png 87388
/my_region/media/theme/uxicons/xxhdpi/com.coloros.calculator/recfg.png 87389
/my_region/media/theme/uxicons/xxhdpi/com.coloros.calendar/mat.png 87391
/my_region/media/theme/uxicons/xxhdpi/com.coloros.calendar/peb.png 87392
/my_region/media/theme/uxicons/xxhdpi/com.coloros.calendar/recbg.png 87393
/my_region/media/theme/uxicons/xxhdpi/com.coloros.calendar/recfg.png 87394
/my_region/media/theme/uxicons/xxhdpi/com.coloros.compass2/mat.png 87396-87397
/my_region/media/theme/uxicons/xxhdpi/com.coloros.compass2/peb.png 87398
/my_region/media/theme/uxicons/xxhdpi/com.coloros.compass2/recbg.png 87399
/my_region/media/theme/uxicons/xxhdpi/com.coloros.compass2/recfg.png 87400
/my_region/media/theme/uxicons/xxhdpi/com.coloros.encryptiont/mat.png 87402
/my_region/media/theme/uxicons/xxhdpi/com.coloros.encryptiont/peb.png 87403
/my_region/media/theme/uxicons/xxhdpi/com.coloros.encryptiont/recbg.png 87404
/my_region/media/theme/uxicons/xxhdpi/com.coloros.encryptiont/recfg.png 87405
/my_region/media/theme/uxicons/xxhdpi/com.coloros.familyguard/mat.png 87407
/my_region/media/theme/uxicons/xxhdpi/com.coloros.familyguard/peb.png 87408
/my_region/media/theme/uxicons/xxhdpi/com.coloros.familyguard/recbg.png 87409
/my_region/media/theme/uxicons/xxhdpi/com.coloros.familyguard/recfg.png 87410
/my_region/media/theme/uxicons/xxhdpi/com.coloros.filemanager/mat.png 87412
/my_region/media/theme/uxicons/xxhdpi/com.coloros.filemanager/peb.png 87413
/my_region/media/theme/uxicons/xxhdpi/com.coloros.filemanager/recbg.png 87414
/my_region/media/theme/uxicons/xxhdpi/com.coloros.filemanager/recfg.png 87415
/my_region/media/theme/uxicons/xxhdpi/com.coloros.findmyphone/mat.png 87417-87418
/my_region/media/theme/uxicons/xxhdpi/com.coloros.findmyphone/peb.png 87419-87420
/my_region/media/theme/uxicons/xxhdpi/com.coloros.findmyphone/recbg.png 87421-87422
/my_region/media/theme/uxicons/xxhdpi/com.coloros.findmyphone/recfg.png 87423
/my_region/media/theme/uxicons/xxhdpi/com.coloros.findphone.client2/mat.png 87417-87418
/my_region/media/theme/uxicons/xxhdpi/com.coloros.findphone.client2/peb.png 87425-87426
/my_region/media/theme/uxicons/xxhdpi/com.coloros.findphone.client2/recbg.png 87427 87422
/my_region/media/theme/uxicons/xxhdpi/com.coloros.findphone.client2/recfg.png 87428-87429
/my_region/media/theme/uxicons/xxhdpi/com.coloros.gallery3d/mat.png 87431
/my_region/media/theme/uxicons/xxhdpi/com.coloros.gallery3d/peb.png 87432
/my_region/media/theme/uxicons/xxhdpi/com.coloros.gallery3d/recbg.png 87433
/my_region/media/theme/uxicons/xxhdpi/com.coloros.gallery3d/recfg.png 87434
/my_region/media/theme/uxicons/xxhdpi/com.coloros.gamespaceui/mat.png 87436
/my_region/media/theme/uxicons/xxhdpi/com.coloros.gamespaceui/peb.png 87437
/my_region/media/theme/uxicons/xxhdpi/com.coloros.gamespaceui/recbg.png 87438
/my_region/media/theme/uxicons/xxhdpi/com.coloros.gamespaceui/recfg.png 87439-87440
/my_region/media/theme/uxicons/xxhdpi/com.coloros.musiclink/mat.png 87442
/my_region/media/theme/uxicons/xxhdpi/com.coloros.musiclink/peb.png 87443
/my_region/media/theme/uxicons/xxhdpi/com.coloros.musiclink/recbg.png 87444
/my_region/media/theme/uxicons/xxhdpi/com.coloros.musiclink/recfg.png 87445
/my_region/media/theme/uxicons/xxhdpi/com.coloros.note/mat.png 87447
/my_region/media/theme/uxicons/xxhdpi/com.coloros.note/peb.png 87448
/my_region/media/theme/uxicons/xxhdpi/com.coloros.note/recbg.png 87449
/my_region/media/theme/uxicons/xxhdpi/com.coloros.note/recfg.png 87450
/my_region/media/theme/uxicons/xxhdpi/com.coloros.onekeylockscreen/mat.png 87452
/my_region/media/theme/uxicons/xxhdpi/com.coloros.onekeylockscreen/peb.png 87453-87454
/my_region/media/theme/uxicons/xxhdpi/com.coloros.onekeylockscreen/recbg.png 87455
/my_region/media/theme/uxicons/xxhdpi/com.coloros.onekeylockscreen/recfg.png 87456
/my_region/media/theme/uxicons/xxhdpi/com.coloros.operationtips/mat.png 87458
/my_region/media/theme/uxicons/xxhdpi/com.coloros.operationtips/peb.png 87459
/my_region/media/theme/uxicons/xxhdpi/com.coloros.operationtips/recbg.png 87460
/my_region/media/theme/uxicons/xxhdpi/com.coloros.operationtips/recfg.png 87461
/my_region/media/theme/uxicons/xxhdpi/com.coloros.phonemanager/mat.png 87463
/my_region/media/theme/uxicons/xxhdpi/com.coloros.phonemanager/peb.png 87464-87465
/my_region/media/theme/uxicons/xxhdpi/com.coloros.phonemanager/recbg.png 87466
/my_region/media/theme/uxicons/xxhdpi/com.coloros.phonemanager/recfg.png 87467-87468
/my_region/media/theme/uxicons/xxhdpi/com.coloros.shortcuts/mat.png 87470-87472
/my_region/media/theme/uxicons/xxhdpi/com.coloros.shortcuts/peb.png 87473-87474
/my_region/media/theme/uxicons/xxhdpi/com.coloros.shortcuts/recbg.png 87475
/my_region/media/theme/uxicons/xxhdpi/com.coloros.shortcuts/recfg.png 87476-87477
/my_region/media/theme/uxicons/xxhdpi/com.coloros.soundrecorder/mat.png 87479
/my_region/media/theme/uxicons/xxhdpi/com.coloros.soundrecorder/peb.png 87480-87481
/my_region/media/theme/uxicons/xxhdpi/com.coloros.soundrecorder/recbg.png 87482-87483
/my_region/media/theme/uxicons/xxhdpi/com.coloros.soundrecorder/recfg.png 87484
/my_region/media/theme/uxicons/xxhdpi/com.coloros.video/mat.png 87486
/my_region/media/theme/uxicons/xxhdpi/com.coloros.video/peb.png 87487
/my_region/media/theme/uxicons/xxhdpi/com.coloros.video/recbg.png 87488
/my_region/media/theme/uxicons/xxhdpi/com.coloros.video/recfg.png 87489
/my_region/media/theme/uxicons/xxhdpi/com.coloros.weather2/mat.png 87491
/my_region/media/theme/uxicons/xxhdpi/com.coloros.weather2/peb.png 87492
/my_region/media/theme/uxicons/xxhdpi/com.coloros.weather2/recbg.png 87493
/my_region/media/theme/uxicons/xxhdpi/com.coloros.weather2/recfg.png 87494
/my_region/media/theme/uxicons/xxhdpi/com.ebay.mobile/art_off.png 87149-87151
/my_region/media/theme/uxicons/xxhdpi/com.ebay.mobile/mat.png 87152-87154
/my_region/media/theme/uxicons/xxhdpi/com.ebay.mobile/recbg.png 86963
/my_region/media/theme/uxicons/xxhdpi/com.ebay.mobile/recfg.png 87155-87156
/my_region/media/theme/uxicons/xxhdpi/com.facebook.katana/art_off.png 87497-87500
/my_region/media/theme/uxicons/xxhdpi/com.facebook.katana/mat.png 87501-87502
/my_region/media/theme/uxicons/xxhdpi/com.facebook.katana/recbg.png 87503
/my_region/media/theme/uxicons/xxhdpi/com.facebook.katana/recfg.png 87504
/my_region/media/theme/uxicons/xxhdpi/com.finshell.wallet/mat.png 87506
/my_region/media/theme/uxicons/xxhdpi/com.finshell.wallet/peb.png 87507
/my_region/media/theme/uxicons/xxhdpi/com.finshell.wallet/recbg.png 87508
/my_region/media/theme/uxicons/xxhdpi/com.finshell.wallet/recfg.png 87509
/my_region/media/theme/uxicons/xxhdpi/com.heytap.book/mat.png 87511
/my_region/media/theme/uxicons/xxhdpi/com.heytap.book/peb.png 87512
/my_region/media/theme/uxicons/xxhdpi/com.heytap.book/recbg.png 87513
/my_region/media/theme/uxicons/xxhdpi/com.heytap.book/recfg.png 87514
/my_region/media/theme/uxicons/xxhdpi/com.heytap.browser/mat.png 87516-87518
/my_region/media/theme/uxicons/xxhdpi/com.heytap.browser/peb.png 87519-87520
/my_region/media/theme/uxicons/xxhdpi/com.heytap.browser/recbg.png 87521
/my_region/media/theme/uxicons/xxhdpi/com.heytap.browser/recfg.png 87522
/my_region/media/theme/uxicons/xxhdpi/com.heytap.cloud/recbg.png 87524
/my_region/media/theme/uxicons/xxhdpi/com.heytap.cloud/recfg.png 87525
/my_region/media/theme/uxicons/xxhdpi/com.heytap.market/mat.png 87527
/my_region/media/theme/uxicons/xxhdpi/com.heytap.market/peb.png 87528
/my_region/media/theme/uxicons/xxhdpi/com.heytap.market/recbg.png 87529
/my_region/media/theme/uxicons/xxhdpi/com.heytap.market/recfg.png 87530
/my_region/media/theme/uxicons/xxhdpi/com.heytap.music/mat.png 87532
/my_region/media/theme/uxicons/xxhdpi/com.heytap.music/peb.png 87533
/my_region/media/theme/uxicons/xxhdpi/com.heytap.music/recbg.png 87534-87535
/my_region/media/theme/uxicons/xxhdpi/com.heytap.music/recfg.png 87536
/my_region/media/theme/uxicons/xxhdpi/com.heytap.reader/mat.png 87538
/my_region/media/theme/uxicons/xxhdpi/com.heytap.reader/peb.png 87539
/my_region/media/theme/uxicons/xxhdpi/com.heytap.reader/recbg.png 87540
/my_region/media/theme/uxicons/xxhdpi/com.heytap.reader/recfg.png 87541
/my_region/media/theme/uxicons/xxhdpi/com.heytap.smarthome/mat.png 87543
/my_region/media/theme/uxicons/xxhdpi/com.heytap.smarthome/peb.png 87544
/my_region/media/theme/uxicons/xxhdpi/com.heytap.smarthome/recbg.png 87545
/my_region/media/theme/uxicons/xxhdpi/com.heytap.smarthome/recfg.png 87546-87547
/my_region/media/theme/uxicons/xxhdpi/com.heytap.speechassist/mat.png 87549-87550
/my_region/media/theme/uxicons/xxhdpi/com.heytap.speechassist/peb.png 87551-87552
/my_region/media/theme/uxicons/xxhdpi/com.heytap.speechassist/recbg.png 87553
/my_region/media/theme/uxicons/xxhdpi/com.heytap.speechassist/recfg.png 87554-87555
/my_region/media/theme/uxicons/xxhdpi/com.heytap.themestore/mat.png 87557-87559
/my_region/media/theme/uxicons/xxhdpi/com.heytap.themestore/peb.png 87560
/my_region/media/theme/uxicons/xxhdpi/com.heytap.themestore/recbg.png 87561
/my_region/media/theme/uxicons/xxhdpi/com.heytap.themestore/recfg.png 87562
/my_region/media/theme/uxicons/xxhdpi/com.heytap.usercenter/mat.png 87564
/my_region/media/theme/uxicons/xxhdpi/com.heytap.usercenter/peb.png 87565
/my_region/media/theme/uxicons/xxhdpi/com.heytap.usercenter/recbg.png 87566
/my_region/media/theme/uxicons/xxhdpi/com.heytap.usercenter/recfg.png 87567
/my_region/media/theme/uxicons/xxhdpi/com.instagram.android/art_off.png 87569-87576
/my_region/media/theme/uxicons/xxhdpi/com.instagram.android/mat.png 87577-87580
/my_region/media/theme/uxicons/xxhdpi/com.instagram.android/recbg.png 87581-87584
/my_region/media/theme/uxicons/xxhdpi/com.instagram.android/recfg.png 87585
/my_region/media/theme/uxicons/xxhdpi/com.microsoft.office.outlook/art_off.png 87234-87238
/my_region/media/theme/uxicons/xxhdpi/com.microsoft.office.outlook/mat.png 87239-87240
/my_region/media/theme/uxicons/xxhdpi/com.microsoft.office.outlook/recbg.png 87241
/my_region/media/theme/uxicons/xxhdpi/com.microsoft.office.outlook/recfg.png 87242-87243
/my_region/media/theme/uxicons/xxhdpi/com.nearme.gamecenter/mat.png 87588
/my_region/media/theme/uxicons/xxhdpi/com.nearme.gamecenter/peb.png 87589-87590
/my_region/media/theme/uxicons/xxhdpi/com.nearme.gamecenter/recbg.png 87591
/my_region/media/theme/uxicons/xxhdpi/com.nearme.gamecenter/recfg.png 87592-87593
/my_region/media/theme/uxicons/xxhdpi/com.nearme.play/mat.png 87595
/my_region/media/theme/uxicons/xxhdpi/com.nearme.play/peb.png 87596-87597
/my_region/media/theme/uxicons/xxhdpi/com.nearme.play/recbg.png 87598
/my_region/media/theme/uxicons/xxhdpi/com.nearme.play/recfg.png 87599
/my_region/media/theme/uxicons/xxhdpi/com.oppo.camera/mat.png 87601
/my_region/media/theme/uxicons/xxhdpi/com.oppo.camera/peb.png 87602
/my_region/media/theme/uxicons/xxhdpi/com.oppo.camera/recbg.png 87603
/my_region/media/theme/uxicons/xxhdpi/com.oppo.camera/recfg.png 87604
/my_region/media/theme/uxicons/xxhdpi/com.oppo.community/mat.png 87606
/my_region/media/theme/uxicons/xxhdpi/com.oppo.community/peb.png 87607-87608
/my_region/media/theme/uxicons/xxhdpi/com.oppo.community/recbg.png 87513
/my_region/media/theme/uxicons/xxhdpi/com.oppo.community/recfg.png 87609
/my_region/media/theme/uxicons/xxhdpi/com.oppo.store/mat.png 87611-87612
/my_region/media/theme/uxicons/xxhdpi/com.oppo.store/peb.png 87613
/my_region/media/theme/uxicons/xxhdpi/com.oppo.store/recbg.png 87614
/my_region/media/theme/uxicons/xxhdpi/com.oppo.store/recfg.png 87615
/my_region/media/theme/uxicons/xxhdpi/com.paypal.android.p2pmobile/art_off.png 87269-87276
/my_region/media/theme/uxicons/xxhdpi/com.paypal.android.p2pmobile/mat.png 87277-87278
/my_region/media/theme/uxicons/xxhdpi/com.paypal.android.p2pmobile/recbg.png 87279-87287
/my_region/media/theme/uxicons/xxhdpi/com.paypal.android.p2pmobile/recfg.png 87288-87289
/my_region/media/theme/uxicons/xxhdpi/com.pinterest/art_off.png 87618-87620
/my_region/media/theme/uxicons/xxhdpi/com.pinterest/mat.png 87621-87622
/my_region/media/theme/uxicons/xxhdpi/com.pinterest/recbg.png 87623
/my_region/media/theme/uxicons/xxhdpi/com.pinterest/recfg.png 87624
/my_region/media/theme/uxicons/xxhdpi/com.realmecomm.app/recbg.png 87626
/my_region/media/theme/uxicons/xxhdpi/com.realmecomm.app/recfg.png 87627
/my_region/media/theme/uxicons/xxhdpi/com.redteamobile.roaming/mat.png 87629
/my_region/media/theme/uxicons/xxhdpi/com.redteamobile.roaming/peb.png 87630-87631
/my_region/media/theme/uxicons/xxhdpi/com.redteamobile.roaming/recbg.png 87632
/my_region/media/theme/uxicons/xxhdpi/com.redteamobile.roaming/recfg.png 87633-87634
/my_region/media/theme/uxicons/xxhdpi/com.twitter.android/art_off.png 87636-87637
/my_region/media/theme/uxicons/xxhdpi/com.twitter.android/mat.png 87638
/my_region/media/theme/uxicons/xxhdpi/com.twitter.android/recbg.png 87639
/my_region/media/theme/uxicons/xxhdpi/com.twitter.android/recfg.png 87640
/my_region/media/theme/uxicons/xxhdpi/icons-meterial 87641-87642 87310 87643
/my_region/media/theme/uxicons/xxhdpi/icons-pebble 87312 87644-87647
/my_region/media/theme/uxicons/xxhdpi/icons-rectangle 87317 87648-87650
/my_region/media/theme/uxicons/xxxhdpi/com.airbnb.android/art_off.png 86955-86958
/my_region/media/theme/uxicons/xxxhdpi/com.airbnb.android/mat.png 86959-86962
/my_region/media/theme/uxicons/xxxhdpi/com.airbnb.android/recbg.png 86963
/my_region/media/theme/uxicons/xxxhdpi/com.airbnb.android/recfg.png 86964-86966
/my_region/media/theme/uxicons/xxxhdpi/com.android.bluetooth/share_blue.png 87654-87655
/my_region/media/theme/uxicons/xxxhdpi/com.android.contacts/dialer_mat.png 87657-87658
/my_region/media/theme/uxicons/xxxhdpi/com.android.contacts/dialer_peb.png 87659-87660
/my_region/media/theme/uxicons/xxxhdpi/com.android.contacts/dialer_recbg.png 87661
/my_region/media/theme/uxicons/xxxhdpi/com.android.contacts/dialer_recfg.png 87662
/my_region/media/theme/uxicons/xxxhdpi/com.android.contacts/mat.png 87663
/my_region/media/theme/uxicons/xxxhdpi/com.android.contacts/peb.png 87664-87665
/my_region/media/theme/uxicons/xxxhdpi/com.android.contacts/recbg.png 87661
/my_region/media/theme/uxicons/xxxhdpi/com.android.contacts/recfg.png 87666
/my_region/media/theme/uxicons/xxxhdpi/com.android.email/mat.png 87668
/my_region/media/theme/uxicons/xxxhdpi/com.android.email/peb.png 87669-87670
/my_region/media/theme/uxicons/xxxhdpi/com.android.email/recbg.png 87671
/my_region/media/theme/uxicons/xxxhdpi/com.android.email/recfg.png 87672
/my_region/media/theme/uxicons/xxxhdpi/com.android.fmradio/mat.png 87674
/my_region/media/theme/uxicons/xxxhdpi/com.android.fmradio/peb.png 87675-87676
/my_region/media/theme/uxicons/xxxhdpi/com.android.fmradio/recbg.png 87677
/my_region/media/theme/uxicons/xxxhdpi/com.android.fmradio/recfg.png 87678
/my_region/media/theme/uxicons/xxxhdpi/com.android.mms/mat.png 87680
/my_region/media/theme/uxicons/xxxhdpi/com.android.mms/peb.png 87681-87682
/my_region/media/theme/uxicons/xxxhdpi/com.android.mms/recbg.png 87661
/my_region/media/theme/uxicons/xxxhdpi/com.android.mms/recfg.png 87683
/my_region/media/theme/uxicons/xxxhdpi/com.android.settings/mat.png 87685
/my_region/media/theme/uxicons/xxxhdpi/com.android.settings/peb.png 87686-87687
/my_region/media/theme/uxicons/xxxhdpi/com.android.settings/recbg.png 87688
/my_region/media/theme/uxicons/xxxhdpi/com.android.settings/recfg.png 87689
/my_region/media/theme/uxicons/xxxhdpi/com.android.stk/mat.png 87691
/my_region/media/theme/uxicons/xxxhdpi/com.android.stk/peb.png 87692-87693
/my_region/media/theme/uxicons/xxxhdpi/com.android.stk/recbg.png 87688
/my_region/media/theme/uxicons/xxxhdpi/com.android.stk/recfg.png 87694
/my_region/media/theme/uxicons/xxxhdpi/com.caf.fmradio/mat.png 87674
/my_region/media/theme/uxicons/xxxhdpi/com.caf.fmradio/peb.png 87675-87676
/my_region/media/theme/uxicons/xxxhdpi/com.caf.fmradio/recbg.png 87696
/my_region/media/theme/uxicons/xxxhdpi/com.caf.fmradio/recfg.png 87678
/my_region/media/theme/uxicons/xxxhdpi/com.coloros.alarmclock/mat.png 87698
/my_region/media/theme/uxicons/xxxhdpi/com.coloros.alarmclock/peb.png 87699-87700
/my_region/media/theme/uxicons/xxxhdpi/com.coloros.alarmclock/recbg.png 87701
/my_region/media/theme/uxicons/xxxhdpi/com.coloros.alarmclock/recfg.png 87702
/my_region/media/theme/uxicons/xxxhdpi/com.coloros.aruler/mat.png 87704
/my_region/media/theme/uxicons/xxxhdpi/com.coloros.aruler/peb.png 87705-87706
/my_region/media/theme/uxicons/xxxhdpi/com.coloros.aruler/recbg.png 87707
/my_region/media/theme/uxicons/xxxhdpi/com.coloros.aruler/recfg.png 87708
/my_region/media/theme/uxicons/xxxhdpi/com.coloros.backuprestore/mat.png 87710
/my_region/media/theme/uxicons/xxxhdpi/com.coloros.backuprestore/peb.png 87711
/my_region/media/theme/uxicons/xxxhdpi/com.coloros.backuprestore/recbg.png 87712
/my_region/media/theme/uxicons/xxxhdpi/com.coloros.backuprestore/recfg.png 87713
/my_region/media/theme/uxicons/xxxhdpi/com.coloros.bbs/mat.png 87715-87716
/my_region/media/theme/uxicons/xxxhdpi/com.coloros.bbs/peb.png 87717-87718
/my_region/media/theme/uxicons/xxxhdpi/com.coloros.bbs/recbg.png 87712
/my_region/media/theme/uxicons/xxxhdpi/com.coloros.bbs/recfg.png 87719
/my_region/media/theme/uxicons/xxxhdpi/com.coloros.calculator/mat.png 87721
/my_region/media/theme/uxicons/xxxhdpi/com.coloros.calculator/peb.png 87722-87723
/my_region/media/theme/uxicons/xxxhdpi/com.coloros.calculator/recbg.png 87724
/my_region/media/theme/uxicons/xxxhdpi/com.coloros.calculator/recfg.png 87725
/my_region/media/theme/uxicons/xxxhdpi/com.coloros.calendar/mat.png 87726
/my_region/media/theme/uxicons/xxxhdpi/com.coloros.calendar/peb.png 87727-87728
/my_region/media/theme/uxicons/xxxhdpi/com.coloros.calendar/recbg.png 87729
/my_region/media/theme/uxicons/xxxhdpi/com.coloros.calendar/recfg.png 87730
/my_region/media/theme/uxicons/xxxhdpi/com.coloros.compass2/mat.png 87731-87732
/my_region/media/theme/uxicons/xxxhdpi/com.coloros.compass2/peb.png 87733-87734
/my_region/media/theme/uxicons/xxxhdpi/com.coloros.compass2/recbg.png 87701
/my_region/media/theme/uxicons/xxxhdpi/com.coloros.compass2/recfg.png 87735-87736
/my_region/media/theme/uxicons/xxxhdpi/com.coloros.encryptiont/mat.png 87737
/my_region/media/theme/uxicons/xxxhdpi/com.coloros.encryptiont/peb.png 87738-87739
/my_region/media/theme/uxicons/xxxhdpi/com.coloros.encryptiont/recbg.png 87740
/my_region/media/theme/uxicons/xxxhdpi/com.coloros.encryptiont/recfg.png 87741
/my_region/media/theme/uxicons/xxxhdpi/com.coloros.familyguard/mat.png 87742-87743
/my_region/media/theme/uxicons/xxxhdpi/com.coloros.familyguard/peb.png 87744-87745
/my_region/media/theme/uxicons/xxxhdpi/com.coloros.familyguard/recbg.png 87712
/my_region/media/theme/uxicons/xxxhdpi/com.coloros.familyguard/recfg.png 87746
/my_region/media/theme/uxicons/xxxhdpi/com.coloros.filemanager/mat.png 87747
/my_region/media/theme/uxicons/xxxhdpi/com.coloros.filemanager/peb.png 87748-87749
/my_region/media/theme/uxicons/xxxhdpi/com.coloros.filemanager/recbg.png 87750
/my_region/media/theme/uxicons/xxxhdpi/com.coloros.filemanager/recfg.png 87751
/my_region/media/theme/uxicons/xxxhdpi/com.coloros.findmyphone/mat.png 87752-87754
/my_region/media/theme/uxicons/xxxhdpi/com.coloros.findmyphone/peb.png 87755-87756
/my_region/media/theme/uxicons/xxxhdpi/com.coloros.findmyphone/recbg.png 87757
/my_region/media/theme/uxicons/xxxhdpi/com.coloros.findmyphone/recfg.png 87758-87759
/my_region/media/theme/uxicons/xxxhdpi/com.coloros.findphone.client2/mat.png 87752-87754
/my_region/media/theme/uxicons/xxxhdpi/com.coloros.findphone.client2/peb.png 87755-87756
/my_region/media/theme/uxicons/xxxhdpi/com.coloros.findphone.client2/recbg.png 87757
/my_region/media/theme/uxicons/xxxhdpi/com.coloros.findphone.client2/recfg.png 87758-87759
/my_region/media/theme/uxicons/xxxhdpi/com.coloros.gallery3d/mat.png 87760
/my_region/media/theme/uxicons/xxxhdpi/com.coloros.gallery3d/peb.png 87761-87762
/my_region/media/theme/uxicons/xxxhdpi/com.coloros.gallery3d/recbg.png 87763-87766
/my_region/media/theme/uxicons/xxxhdpi/com.coloros.gallery3d/recfg.png 87767
/my_region/media/theme/uxicons/xxxhdpi/com.coloros.gamespaceui/mat.png 87768
/my_region/media/theme/uxicons/xxxhdpi/com.coloros.gamespaceui/peb.png 87769-87770
/my_region/media/theme/uxicons/xxxhdpi/com.coloros.gamespaceui/recbg.png 87771
/my_region/media/theme/uxicons/xxxhdpi/com.coloros.gamespaceui/recfg.png 87772-87775
/my_region/media/theme/uxicons/xxxhdpi/com.coloros.musiclink/mat.png 87776
/my_region/media/theme/uxicons/xxxhdpi/com.coloros.musiclink/peb.png 87777
/my_region/media/theme/uxicons/xxxhdpi/com.coloros.musiclink/recbg.png 87724
/my_region/media/theme/uxicons/xxxhdpi/com.coloros.musiclink/recfg.png 87778
/my_region/media/theme/uxicons/xxxhdpi/com.coloros.note/mat.png 87779
/my_region/media/theme/uxicons/xxxhdpi/com.coloros.note/peb.png 87780-87781
/my_region/media/theme/uxicons/xxxhdpi/com.coloros.note/recbg.png 87782
/my_region/media/theme/uxicons/xxxhdpi/com.coloros.note/recfg.png 87783
/my_region/media/theme/uxicons/xxxhdpi/com.coloros.onekeylockscreen/mat.png 87784
/my_region/media/theme/uxicons/xxxhdpi/com.coloros.onekeylockscreen/peb.png 87785-87786
/my_region/media/theme/uxicons/xxxhdpi/com.coloros.onekeylockscreen/recbg.png 87688
/my_region/media/theme/uxicons/xxxhdpi/com.coloros.onekeylockscreen/recfg.png 87787
/my_region/media/theme/uxicons/xxxhdpi/com.coloros.operationtips/mat.png 87788
/my_region/media/theme/uxicons/xxxhdpi/com.coloros.operationtips/peb.png 87789-87790
/my_region/media/theme/uxicons/xxxhdpi/com.coloros.operationtips/recbg.png 86963
/my_region/media/theme/uxicons/xxxhdpi/com.coloros.operationtips/recfg.png 87791
/my_region/media/theme/uxicons/xxxhdpi/com.coloros.phonemanager/mat.png 87792-87793
/my_region/media/theme/uxicons/xxxhdpi/com.coloros.phonemanager/peb.png 87794-87795
/my_region/media/theme/uxicons/xxxhdpi/com.coloros.phonemanager/recbg.png 87796
/my_region/media/theme/uxicons/xxxhdpi/com.coloros.phonemanager/recfg.png 87797
/my_region/media/theme/uxicons/xxxhdpi/com.coloros.shortcuts/mat.png 87798-87801
/my_region/media/theme/uxicons/xxxhdpi/com.coloros.shortcuts/peb.png 87802-87803
/my_region/media/theme/uxicons/xxxhdpi/com.coloros.shortcuts/recbg.png 86963
/my_region/media/theme/uxicons/xxxhdpi/com.coloros.shortcuts/recfg.png 87804-87806
/my_region/media/theme/uxicons/xxxhdpi/com.coloros.soundrecorder/mat.png 87807
/my_region/media/theme/uxicons/xxxhdpi/com.coloros.soundrecorder/peb.png 87808-87809
/my_region/media/theme/uxicons/xxxhdpi/com.coloros.soundrecorder/recbg.png 86963
/my_region/media/theme/uxicons/xxxhdpi/com.coloros.soundrecorder/recfg.png 87810
/my_region/media/theme/uxicons/xxxhdpi/com.coloros.video/mat.png 87811-87812
/my_region/media/theme/uxicons/xxxhdpi/com.coloros.video/peb.png 87813-87814
/my_region/media/theme/uxicons/xxxhdpi/com.coloros.video/recbg.png 87815
/my_region/media/theme/uxicons/xxxhdpi/com.coloros.video/recfg.png 87816
/my_region/media/theme/uxicons/xxxhdpi/com.coloros.weather2/mat.png 87817
/my_region/media/theme/uxicons/xxxhdpi/com.coloros.weather2/peb.png 87818-87819
/my_region/media/theme/uxicons/xxxhdpi/com.coloros.weather2/recbg.png 87820
/my_region/media/theme/uxicons/xxxhdpi/com.coloros.weather2/recfg.png 87821
/my_region/media/theme/uxicons/xxxhdpi/com.ebay.mobile/art_off.png 87149-87151
/my_region/media/theme/uxicons/xxxhdpi/com.ebay.mobile/mat.png 87152-87154
/my_region/media/theme/uxicons/xxxhdpi/com.ebay.mobile/recbg.png 86963
/my_region/media/theme/uxicons/xxxhdpi/com.ebay.mobile/recfg.png 87155-87156
/my_region/media/theme/uxicons/xxxhdpi/com.facebook.katana/art_off.png 87822-87830
/my_region/media/theme/uxicons/xxxhdpi/com.facebook.katana/mat.png 87831-87832
/my_region/media/theme/uxicons/xxxhdpi/com.facebook.katana/recbg.png 87833-87834
/my_region/media/theme/uxicons/xxxhdpi/com.facebook.katana/recfg.png 87835
/my_region/media/theme/uxicons/xxxhdpi/com.finshell.wallet/mat.png 87836
/my_region/media/theme/uxicons/xxxhdpi/com.finshell.wallet/peb.png 87837-87838
/my_region/media/theme/uxicons/xxxhdpi/com.finshell.wallet/recbg.png 86963
/my_region/media/theme/uxicons/xxxhdpi/com.finshell.wallet/recfg.png 87839
/my_region/media/theme/uxicons/xxxhdpi/com.heytap.book/mat.png 87840
/my_region/media/theme/uxicons/xxxhdpi/com.heytap.book/peb.png 87841-87842
/my_region/media/theme/uxicons/xxxhdpi/com.heytap.book/recbg.png 87796
/my_region/media/theme/uxicons/xxxhdpi/com.heytap.book/recfg.png 87843
/my_region/media/theme/uxicons/xxxhdpi/com.heytap.browser/mat.png 87844-87847
/my_region/media/theme/uxicons/xxxhdpi/com.heytap.browser/peb.png 87848-87850
/my_region/media/theme/uxicons/xxxhdpi/com.heytap.browser/recbg.png 86963
/my_region/media/theme/uxicons/xxxhdpi/com.heytap.browser/recfg.png 87851-87855
/my_region/media/theme/uxicons/xxxhdpi/com.heytap.market/mat.png 87856
/my_region/media/theme/uxicons/xxxhdpi/com.heytap.market/peb.png 87857-87858
/my_region/media/theme/uxicons/xxxhdpi/com.heytap.market/recbg.png 87796
/my_region/media/theme/uxicons/xxxhdpi/com.heytap.market/recfg.png 87859
/my_region/media/theme/uxicons/xxxhdpi/com.heytap.music/mat.png 87860-87861
/my_region/media/theme/uxicons/xxxhdpi/com.heytap.music/peb.png 87862-87863
/my_region/media/theme/uxicons/xxxhdpi/com.heytap.music/recbg.png 87864
/my_region/media/theme/uxicons/xxxhdpi/com.heytap.music/recfg.png 87865
/my_region/media/theme/uxicons/xxxhdpi/com.heytap.reader/mat.png 87866
/my_region/media/theme/uxicons/xxxhdpi/com.heytap.reader/peb.png 87867-87868
/my_region/media/theme/uxicons/xxxhdpi/com.heytap.reader/recbg.png 87869
/my_region/media/theme/uxicons/xxxhdpi/com.heytap.reader/recfg.png 87870
/my_region/media/theme/uxicons/xxxhdpi/com.heytap.smarthome/mat.png 87871
/my_region/media/theme/uxicons/xxxhdpi/com.heytap.smarthome/peb.png 87872-87873
/my_region/media/theme/uxicons/xxxhdpi/com.heytap.smarthome/recbg.png 87874
/my_region/media/theme/uxicons/xxxhdpi/com.heytap.smarthome/recfg.png 87875
/my_region/media/theme/uxicons/xxxhdpi/com.heytap.speechassist/mat.png 87876-87877
/my_region/media/theme/uxicons/xxxhdpi/com.heytap.speechassist/peb.png 87878-87879
/my_region/media/theme/uxicons/xxxhdpi/com.heytap.speechassist/recbg.png 86963
/my_region/media/theme/uxicons/xxxhdpi/com.heytap.speechassist/recfg.png 87880-87881
/my_region/media/theme/uxicons/xxxhdpi/com.heytap.themestore/mat.png 87882-87885
/my_region/media/theme/uxicons/xxxhdpi/com.heytap.themestore/peb.png 87886
/my_region/media/theme/uxicons/xxxhdpi/com.heytap.themestore/recbg.png 87887-87890
/my_region/media/theme/uxicons/xxxhdpi/com.heytap.themestore/recfg.png 87891
/my_region/media/theme/uxicons/xxxhdpi/com.heytap.usercenter/mat.png 87892
/my_region/media/theme/uxicons/xxxhdpi/com.heytap.usercenter/peb.png 87893
/my_region/media/theme/uxicons/xxxhdpi/com.heytap.usercenter/recbg.png 87869
/my_region/media/theme/uxicons/xxxhdpi/com.heytap.usercenter/recfg.png 87894
/my_region/media/theme/uxicons/xxxhdpi/com.instagram.android/art_off.png 87895-87906
/my_region/media/theme/uxicons/xxxhdpi/com.instagram.android/mat.png 87907-87911
/my_region/media/theme/uxicons/xxxhdpi/com.instagram.android/recbg.png 87912-87918
/my_region/media/theme/uxicons/xxxhdpi/com.instagram.android/recfg.png 87919
/my_region/media/theme/uxicons/xxxhdpi/com.microsoft.office.outlook/art_off.png 87234-87238
/my_region/media/theme/uxicons/xxxhdpi/com.microsoft.office.outlook/mat.png 87239-87240
/my_region/media/theme/uxicons/xxxhdpi/com.microsoft.office.outlook/recbg.png 87241
/my_region/media/theme/uxicons/xxxhdpi/com.microsoft.office.outlook/recfg.png 87242-87243
/my_region/media/theme/uxicons/xxxhdpi/com.nearme.gamecenter/mat.png 87920-87921
/my_region/media/theme/uxicons/xxxhdpi/com.nearme.gamecenter/peb.png 87922-87923
/my_region/media/theme/uxicons/xxxhdpi/com.nearme.gamecenter/recbg.png 86963
/my_region/media/theme/uxicons/xxxhdpi/com.nearme.gamecenter/recfg.png 87924
/my_region/media/theme/uxicons/xxxhdpi/com.nearme.play/mat.png 87925-87926
/my_region/media/theme/uxicons/xxxhdpi/com.nearme.play/peb.png 87927-87928
/my_region/media/theme/uxicons/xxxhdpi/com.nearme.play/recbg.png 86963
/my_region/media/theme/uxicons/xxxhdpi/com.nearme.play/recfg.png 87929
/my_region/media/theme/uxicons/xxxhdpi/com.oppo.camera/mat.png 87930-87931
/my_region/media/theme/uxicons/xxxhdpi/com.oppo.camera/peb.png 87932-87933
/my_region/media/theme/uxicons/xxxhdpi/com.oppo.camera/recbg.png 86963
/my_region/media/theme/uxicons/xxxhdpi/com.oppo.camera/recfg.png 87934
/my_region/media/theme/uxicons/xxxhdpi/com.oppo.community/mat.png 87935
/my_region/media/theme/uxicons/xxxhdpi/com.oppo.community/peb.png 87936-87937
/my_region/media/theme/uxicons/xxxhdpi/com.oppo.community/recbg.png 87796
/my_region/media/theme/uxicons/xxxhdpi/com.oppo.community/recfg.png 87938
/my_region/media/theme/uxicons/xxxhdpi/com.oppo.store/mat.png 87939-87940
/my_region/media/theme/uxicons/xxxhdpi/com.oppo.store/peb.png 87941
/my_region/media/theme/uxicons/xxxhdpi/com.oppo.store/recbg.png 87942
/my_region/media/theme/uxicons/xxxhdpi/com.oppo.store/recfg.png 87943
/my_region/media/theme/uxicons/xxxhdpi/com.paypal.android.p2pmobile/art_off.png 87269-87276
/my_region/media/theme/uxicons/xxxhdpi/com.paypal.android.p2pmobile/mat.png 87277-87278
/my_region/media/theme/uxicons/xxxhdpi/com.paypal.android.p2pmobile/recbg.png 87279-87287
/my_region/media/theme/uxicons/xxxhdpi/com.paypal.android.p2pmobile/recfg.png 87288-87289
/my_region/media/theme/uxicons/xxxhdpi/com.pinterest/art_off.png 87944-87947
/my_region/media/theme/uxicons/xxxhdpi/com.pinterest/mat.png 87948-87949
/my_region/media/theme/uxicons/xxxhdpi/com.pinterest/recbg.png 87950
/my_region/media/theme/uxicons/xxxhdpi/com.pinterest/recfg.png 87951
/my_region/media/theme/uxicons/xxxhdpi/com.redteamobile.roaming/mat.png 87952
/my_region/media/theme/uxicons/xxxhdpi/com.redteamobile.roaming/peb.png 87953-87954
/my_region/media/theme/uxicons/xxxhdpi/com.redteamobile.roaming/recbg.png 87796
/my_region/media/theme/uxicons/xxxhdpi/com.redteamobile.roaming/recfg.png 87955
/my_region/media/theme/uxicons/xxxhdpi/com.twitter.android/art_off.png 87956-87957
/my_region/media/theme/uxicons/xxxhdpi/com.twitter.android/mat.png 87958
/my_region/media/theme/uxicons/xxxhdpi/com.twitter.android/recbg.png 87241
/my_region/media/theme/uxicons/xxxhdpi/com.twitter.android/recfg.png 87959
/my_region/media/theme/uxicons/xxxhdpi/icons-meterial 87960-87962
/my_region/media/theme/uxicons/xxxhdpi/icons-pebble 87312 87963-87966
/my_region/media/theme/uxicons/xxxhdpi/icons-rectangle 87967-87969
/my_region/oppo/alarm_filter_packages.xml 87970-87975
/my_region/oppo/sys_deviceidle_whitelist.xml 87976-87977
/my_region/overlay/OppoPermissionControllerOverlay/OppoPermissionControllerOverlay.apk 14586-14590 87978-88175 18434 88176-88186
/my_region/plugin/AthenaConfigPlugin/AthenaConfigPlugin.apk 88187-88195
/my_region/plugin/GuardElfSecretPlugin/GuardElfSecretPlugin.apk 88196-88253
/my_region/plugin/LogKitUploadPlugin/LogKitUploadPlugin.apk 14586-14590 87978-88004 88254-88615 18434 88176-88180 88617-88621
/my_region/plugin/SafeCenterConfigPlugin/SafeCenterConfigPlugin.apk 14586-14590 87978-88004 88622-88760 18434 88176-88180 88762-88765
/my_region/priv-app/KeKeThemeSpace/KeKeThemeSpace.apk 88766-94875 94875-95811 0 0 95812-98303 98375-98974 8792 98976-98989 8792 98990-98993 8792 98994-99021 8792 99022-99028 8792 99029-99033 8792 99034-99035 8792 99036-99037 8792 99038-99039 8792 99040-99044 8792 8792 99045 8792 99046-99047 8792 99048-99050 8792 99051-99059 8792 99060-99064 8792 99065-99066 8792 99067 8792 99068-99072 8792 99073-99074 8792 99075-99076 8792 99077-99078 8792 8792 99079 8792 8792 99080 8792 99081-99082 8792 8792 99083 8792 99084-99085 8792 8792 99086 8792 8792 99087 8792 99088-99093 8792 99094-99095 8792 99096-99097 8792 99098-99099 8792 99100-99101 8792 99102-99103 8792 99104-99105 0 99106-99375 99335 99376-101022
