/product/app/CallFeaturesSetting/CallFeaturesSetting.apk 25-41
/product/app/CallFeaturesSetting/oat/arm64/CallFeaturesSetting.odex 44-48
/product/app/CallFeaturesSetting/oat/arm64/CallFeaturesSetting.vdex 49
/product/app/PowerOffAlarm/PowerOffAlarm.apk 51-64
/product/app/PowerOffAlarm/oat/arm64/PowerOffAlarm.odex 67-69 47 70
/product/app/PowerOffAlarm/oat/arm64/PowerOffAlarm.vdex 71
/product/app/com.google.android.modulemetadata/com.google.android.modulemetadata.apk 73-79
/product/app/com.google.mainline.telemetry/com.google.mainline.telemetry.apk 81-86
/product/bin/init.qti.display.sh 88
/product/build.prop 89
/product/etc/NOTICE.xml.gz 91-92
/product/etc/apns-conf.xml 93-317
/product/etc/apns-version.xml 318
/product/etc/default-permissions/default-permissions-google.xml 320
/product/etc/init/init.qti.display.rc 322
/product/etc/permissions/com.qti.snapdragon.sdk.display.xml 324
/product/etc/permissions/ims_ext_common.xml 325
/product/etc/permissions/privapp-permissions-google-product.xml 326-330
/product/etc/permissions/privapp-permissions-oppo.xml 331-343
/product/etc/permissions/split-permissions-google.xml 344
/product/etc/permissions/telephony_product_privapp-permissions-qti.xml 345
/product/etc/permissions/vendor.qti.hardware.data.connection-V1.0-java.xml 346
/product/etc/permissions/vendor.qti.hardware.data.connection-V1.1-java.xml 347
/product/etc/preferred-apps/google.xml 349-351
/product/etc/security/fsverity/play_store_fsi_cert.der 354
/product/etc/selinux/mapping/30.0.cil 357
/product/etc/selinux/product_file_contexts 358
/product/etc/selinux/product_hwservice_contexts 359
/product/etc/selinux/product_mac_permissions.xml 360
/product/etc/selinux/product_property_contexts 361
/product/etc/selinux/product_seapp_contexts 362
/product/etc/selinux/product_sepolicy.cil 363-371
/product/etc/selinux/product_sepolicy_and_mapping.sha256 372
/product/etc/selinux/product_sepolicy_and_mapping_debug.sha256 373
/product/etc/selinux/product_sepolicy_debug.cil 363-368 374-376
/product/etc/selinux/product_service_contexts 377
/product/etc/sysconfig/GoogleCellBroadcast_config.xml 379
/product/etc/sysconfig/google-rollback-package-whitelist.xml 380
/product/etc/sysconfig/google-staged-installer-whitelist.xml 381
/product/etc/sysconfig/google.xml 382-383
/product/etc/sysconfig/preinstalled-packages-platform-handheld-product.xml 384
/product/etc/sysconfig/preinstalled-packages-platform-overlays.xml 385
/product/etc/sysconfig/wellbeing.xml 386
/product/framework/com.qti.snapdragon.sdk.display.jar 388-403
/product/framework/ims-ext-common.jar 404-425
/product/framework/oat/arm/com.qti.snapdragon.sdk.display.odex 428-432
/product/framework/oat/arm/com.qti.snapdragon.sdk.display.vdex 433
/product/framework/oat/arm/ims-ext-common.odex 434-436 431 437
/product/framework/oat/arm/ims-ext-common.vdex 438
/product/framework/oat/arm64/com.qti.snapdragon.sdk.display.odex 440-442 47 443
/product/framework/oat/arm64/com.qti.snapdragon.sdk.display.vdex 433
/product/framework/oat/arm64/ims-ext-common.odex 444-446 47 447
/product/framework/oat/arm64/ims-ext-common.vdex 438
/product/lib/libjni_imageutil.so 449-450
/product/lib/libjni_snapcammosaic.so 451-498
/product/lib/libjni_snapcamtinyplanet.so 499-500
/product/lib64/libjni_imageutil.so 502-505
/product/lib64/libjni_snapcammosaic.so 506-566
/product/lib64/libjni_snapcamtinyplanet.so 567-569
/product/media/audio/ui/Dock.ogg 573-574
/product/media/audio/ui/Effect_Tick.ogg 575-576
/product/media/audio/ui/InCallNotification.ogg 577-578
/product/media/audio/ui/KeypressDelete.ogg 579-580
/product/media/audio/ui/KeypressReturn.ogg 579-580
/product/media/audio/ui/KeypressSpacebar.ogg 579-580
/product/media/audio/ui/KeypressStandard.ogg 579-580
/product/media/audio/ui/Lock.ogg 581-582
/product/media/audio/ui/LowBattery.ogg 583-585
/product/media/audio/ui/Undock.ogg 586-591
/product/media/audio/ui/Unlock.ogg 581 592
/product/media/audio/ui/VideoRecord.ogg 581 593-595
/product/media/audio/ui/camera_click.ogg 581 596-597
/product/media/audio/ui/camera_focus.ogg 581 598
/product/overlay/AccentColorBlack/AccentColorBlackOverlay.apk 601-603
/product/overlay/AccentColorCinnamon/AccentColorCinnamonOverlay.apk 605-607
/product/overlay/AccentColorGreen/AccentColorGreenOverlay.apk 609-611
/product/overlay/AccentColorOcean/AccentColorOceanOverlay.apk 613-615
/product/overlay/AccentColorOrchid/AccentColorOrchidOverlay.apk 617-619
/product/overlay/AccentColorPurple/AccentColorPurpleOverlay.apk 621-623
/product/overlay/AccentColorSpace/AccentColorSpaceOverlay.apk 625-627
/product/overlay/CarrierConfigResCommon.apk 628-635
/product/overlay/CellBroadcastReceiverResCommon.apk 636-638
/product/overlay/DisplayCutoutEmulationHole/DisplayCutoutEmulationHoleOverlay.apk 640-645
/product/overlay/DisplayCutoutEmulationWaterfall/DisplayCutoutEmulationWaterfallOverlay.apk 647-652
/product/overlay/FontNotoSerifSource/FontNotoSerifSourceOverlay.apk 654-656
/product/overlay/FrameworksResCommon.apk 657-663
/product/overlay/FrameworksResCommonQva.apk 664-666
/product/overlay/GoogleDocumentsUIOverlay.apk 667-669
/product/overlay/GoogleExtServicesConfigOverlay.apk 670-672
/product/overlay/GooglePermissionControllerFrameworkOverlay.apk 673-675
/product/overlay/GooglePermissionControllerOverlay.apk 676-678
/product/overlay/IconPackCircularAndroid/IconPackCircularAndroidOverlay.apk 680-700
/product/overlay/IconPackCircularLauncher/IconPackCircularLauncherOverlay.apk 702-708
/product/overlay/IconPackCircularSettings/IconPackCircularSettingsOverlay.apk 710-730
/product/overlay/IconPackCircularSystemUI/IconPackCircularSystemUIOverlay.apk 732-748
/product/overlay/IconPackCircularThemePicker/IconPackCircularThemePickerOverlay.apk 750-755
/product/overlay/IconPackFilledAndroid/IconPackFilledAndroidOverlay.apk 757-774
/product/overlay/IconPackFilledLauncher/IconPackFilledLauncherOverlay.apk 776-782
/product/overlay/IconPackFilledSettings/IconPackFilledSettingsOverlay.apk 784-802
/product/overlay/IconPackFilledSystemUI/IconPackFilledSystemUIOverlay.apk 804-818
/product/overlay/IconPackFilledThemePicker/IconPackFilledThemePickerOverlay.apk 820-824
/product/overlay/IconPackRoundedAndroid/IconPackRoundedAndroidOverlay.apk 826-845
/product/overlay/IconPackRoundedLauncher/IconPackRoundedLauncherOverlay.apk 847-853
/product/overlay/IconPackRoundedSettings/IconPackRoundedSettingsOverlay.apk 855-875
/product/overlay/IconPackRoundedSystemUI/IconPackRoundedSystemUIOverlay.apk 877-893
/product/overlay/IconPackRoundedThemePicker/IconPackRoundedThemePickerOverlay.apk 895-900
/product/overlay/IconShapePebble/IconShapePebbleOverlay.apk 902-904
/product/overlay/IconShapeRoundedRect/IconShapeRoundedRectOverlay.apk 906-908
/product/overlay/IconShapeSquircle/IconShapeSquircleOverlay.apk 910-912
/product/overlay/IconShapeTaperedRect/IconShapeTaperedRectOverlay.apk 914-916
/product/overlay/IconShapeTeardrop/IconShapeTeardropOverlay.apk 918-920
/product/overlay/IconShapeVessel/IconShapeVesselOverlay.apk 922-924
/product/overlay/ModuleMetadataGoogleOverlay.apk 925-927
/product/overlay/NavigationBarMode3Button/NavigationBarMode3ButtonOverlay.apk 929-931
/product/overlay/NavigationBarModeGestural/NavigationBarModeGesturalOverlay.apk 933-936
/product/overlay/NavigationBarModeGesturalExtraWideBack/NavigationBarModeGesturalOverlayExtraWideBack.apk 938-941
/product/overlay/NavigationBarModeGesturalNarrowBack/NavigationBarModeGesturalOverlayNarrowBack.apk 943-946
/product/overlay/NavigationBarModeGesturalWideBack/NavigationBarModeGesturalOverlayWideBack.apk 948-951
/product/overlay/SystemUIResCommon.apk 952-954
/product/overlay/TelecommResCommon.apk 955-957
/product/overlay/TelephonyResCommon.apk 958-961
/product/overlay/WifiResCommon.apk 962-965
